
> saude-back-end@0.0.1 test:e2e
> jest --config ./test/jest-e2e.json

node.exe : FAIL test/app.e2e-spec.ts
No C:\Program Files\nodejs\npm.ps1:29 
caractere:3
+   & $NODE_EXE $NPM_CLI_JS $args
+   ~~~~~~~~~~~~~~~~~~~~~~~~~~~~~
    + CategoryInfo          : NotSpecified: (FA 
   IL test/app.e2e-spec.ts:String) [], RemoteE  
  xception
    + FullyQualifiedErrorId : NativeCommandErro 
   r
 
  ÔùÅ Test suite failed to run

    Configuration error:

    Could not locate module 
src/prisma/prisma.service mapped as:
    C:\Users\kauan\OneDrive\├ürea de 
Trabalho\Projetos\SAUDE\back-saude\test\src\$1.

    Please check your configuration for these 
entries:
    {
      "moduleNameMapper": {
        "/^src\/(.*)$/": 
"C:\Users\kauan\OneDrive\├ürea de 
Trabalho\Projetos\SAUDE\back-saude\test\src\$1"
      },
      "resolver": undefined
    }

    [0m [90m 1 |[39m [36mimport[39m { 
[33mInjectable[39m[33m,[39m 
[33mNotFoundException[39m } [36mfrom[39m 
[32m'@nestjs/common'[39m[33m;[39m
    [31m[1m>[22m[39m[90m 2 |[39m 
[36mimport[39m { [33mPrismaService[39m } 
[36mfrom[39m 
[32m'src/prisma/prisma.service'[39m[33m;[39m
     [90m   |[39m [31m[1m^[22m[39m
     [90m 3 |[39m [36mimport[39m { 
[33mCreateFolderDto[39m } [36mfrom[39m 
[32m'./dto/create-folder.dto'[39m[33m;[39m
     [90m 4 |[39m [36mimport[39m { 
[33mUpdateFolderDto[39m } [36mfrom[39m 
[32m'./dto/update-folder.dto'[39m[33m;[39m
     [90m 5 |[39m [36mimport[39m { 
folderPdf } [36mfrom[39m 
[32m'./pdf/folder-pdf'[39m[33m;[39m[0m

      at createNoMappedModuleFoundError (../node
_modules/jest-resolve/build/index.js:1117:17)
      at Object.<anonymous> 
(../src/folder/folder.service.ts:2:1)
      at Object.<anonymous> 
(../src/folder/folder.module.ts:2:1)
      at Object.<anonymous> 
(../src/app/app.module.ts:7:1)
      at Object.<anonymous> 
(app.e2e-spec.ts:5:1)

Test Suites: 1 failed, 1 total
Tests:       0 total
Snapshots:   0 total
Time:        1.237 s
Ran all test suites.
